manifest should match snapshot with TLS:
  1: |
    apiVersion: v1
    kind: Service
    metadata:
      annotations:
        steadybit.com/extension-auto-discovery: |
          {"extensions":[{"port":8093,"protocol":"https","types":["ACTION","DISCOVERY"]}]}
      labels: null
      name: RELEASE-NAME-steadybit-extension-gcp
      namespace: NAMESPACE
    spec:
      ports:
        - port: 8093
          protocol: TCP
          targetPort: 8093
      selector:
        app.kubernetes.io/instance: RELEASE-NAME
        app.kubernetes.io/name: steadybit-extension-gcp
manifest should match snapshot with mutual TLS:
  1: |
    apiVersion: v1
    kind: Service
    metadata:
      annotations:
        steadybit.com/extension-auto-discovery: |
          {"extensions":[{"port":8093,"protocol":"https","types":["ACTION","DISCOVERY"]}]}
      labels: null
      name: RELEASE-NAME-steadybit-extension-gcp
      namespace: NAMESPACE
    spec:
      ports:
        - port: 8093
          protocol: TCP
          targetPort: 8093
      selector:
        app.kubernetes.io/instance: RELEASE-NAME
        app.kubernetes.io/name: steadybit-extension-gcp
manifest should match snapshot with mutual TLS using containerPaths:
  1: |
    apiVersion: v1
    kind: Service
    metadata:
      annotations:
        steadybit.com/extension-auto-discovery: |
          {"extensions":[{"port":8093,"protocol":"https","types":["ACTION","DISCOVERY"]}]}
      labels: null
      name: RELEASE-NAME-steadybit-extension-gcp
      namespace: NAMESPACE
    spec:
      ports:
        - port: 8093
          protocol: TCP
          targetPort: 8093
      selector:
        app.kubernetes.io/instance: RELEASE-NAME
        app.kubernetes.io/name: steadybit-extension-gcp
manifest should match snapshot without TLS:
  1: |
    apiVersion: v1
    kind: Service
    metadata:
      annotations:
        steadybit.com/extension-auto-discovery: |
          {"extensions":[{"port":8093,"protocol":"http","types":["ACTION","DISCOVERY"]}]}
      labels: null
      name: RELEASE-NAME-steadybit-extension-gcp
      namespace: NAMESPACE
    spec:
      ports:
        - port: 8093
          protocol: TCP
          targetPort: 8093
      selector:
        app.kubernetes.io/instance: RELEASE-NAME
        app.kubernetes.io/name: steadybit-extension-gcp
