manifest should match snapshot:
  1: |
    apiVersion: v1
    automountServiceAccountToken: true
    kind: ServiceAccount
    metadata:
      labels: null
      name: steadybit-extension-gcp
      namespace: NAMESPACE
manifest should match snapshot with annotations:
  1: |
    apiVersion: v1
    automountServiceAccountToken: true
    kind: ServiceAccount
    metadata:
      annotations:
        - iam.gke.io/gcp-service-account=IAM_SA_NAME@IAM_SA_PROJECT_ID.iam.gserviceaccount.com
        - yet=another
      labels: null
      name: steadybit-extension-gcp
      namespace: NAMESPACE
